2026-06-09 09:32:03.383 [main] DEBUG br.com.arq.config.WebConfigTest.logStarting:51 - Running with Spring Boot v3.3.0, Spring v6.1.8
2026-06-09 09:32:14.333 [main] DEBUG b.c.a.asyncsecurity.config.WebConfig.addInterceptors:38 - Interceptor configurado - Protegendo: /api/** | Liberando: /api/auth/**, /error
2026-06-09 09:32:15.248 [main] DEBUG b.c.a.controller.AdminControllerTest.logStarting:51 - Running with Spring Boot v3.3.0, Spring v6.1.8
2026-06-09 09:32:15.441 [main] DEBUG b.c.a.asyncsecurity.config.WebConfig.addInterceptors:38 - Interceptor configurado - Protegendo: /api/** | Liberando: /api/auth/**, /error
2026-06-09 09:32:15.638 [main] DEBUG b.c.a.c.UsuarioControllerTest.logStarting:51 - Running with Spring Boot v3.3.0, Spring v6.1.8
2026-06-09 09:32:15.808 [main] DEBUG b.c.a.asyncsecurity.config.WebConfig.addInterceptors:38 - Interceptor configurado - Protegendo: /api/** | Liberando: /api/auth/**, /error
2026-06-09 09:32:16.088 [main] DEBUG b.c.a.e.GlobalExceptionHandlerTest.logStarting:51 - Running with Spring Boot v3.3.0, Spring v6.1.8
2026-06-09 09:32:16.205 [main] DEBUG b.c.a.asyncsecurity.config.WebConfig.addInterceptors:38 - Interceptor configurado - Protegendo: /api/** | Liberando: /api/auth/**, /error
2026-06-09 09:32:16.366 [main] DEBUG b.c.a.r.ClienteRepositoryTest.logStarting:51 - Running with Spring Boot v3.3.0, Spring v6.1.8
2026-06-09 09:37:39.843 [main] DEBUG br.com.arq.config.WebConfigTest.logStarting:51 - Running with Spring Boot v3.3.0, Spring v6.1.8
2026-06-09 09:37:52.513 [main] DEBUG b.c.a.asyncsecurity.config.WebConfig.addInterceptors:38 - Interceptor configurado - Protegendo: /api/** | Liberando: /api/auth/**, /error
2026-06-09 09:37:54.248 [main] DEBUG b.c.a.controller.AdminControllerTest.logStarting:51 - Running with Spring Boot v3.3.0, Spring v6.1.8
2026-06-09 09:37:54.700 [main] DEBUG b.c.a.asyncsecurity.config.WebConfig.addInterceptors:38 - Interceptor configurado - Protegendo: /api/** | Liberando: /api/auth/**, /error
2026-06-09 09:37:55.432 [main] DEBUG b.c.a.e.GlobalExceptionHandlerTest.logStarting:51 - Running with Spring Boot v3.3.0, Spring v6.1.8
2026-06-09 09:37:55.744 [main] DEBUG b.c.a.asyncsecurity.config.WebConfig.addInterceptors:38 - Interceptor configurado - Protegendo: /api/** | Liberando: /api/auth/**, /error
2026-06-09 09:37:56.056 [main] DEBUG b.c.a.r.ClienteRepositoryTest.logStarting:51 - Running with Spring Boot v3.3.0, Spring v6.1.8
2026-06-09 09:39:07.653 [main] DEBUG br.com.arq.config.WebConfigTest.logStarting:51 - Running with Spring Boot v3.3.0, Spring v6.1.8
2026-06-09 09:39:20.108 [main] DEBUG b.c.a.asyncsecurity.config.WebConfig.addInterceptors:38 - Interceptor configurado - Protegendo: /api/** | Liberando: /api/auth/**, /error
2026-06-09 09:39:21.980 [main] DEBUG b.c.a.controller.AdminControllerTest.logStarting:51 - Running with Spring Boot v3.3.0, Spring v6.1.8
2026-06-09 09:39:22.552 [main] DEBUG b.c.a.asyncsecurity.config.WebConfig.addInterceptors:38 - Interceptor configurado - Protegendo: /api/** | Liberando: /api/auth/**, /error
2026-06-09 09:39:23.290 [main] DEBUG b.c.a.e.GlobalExceptionHandlerTest.logStarting:51 - Running with Spring Boot v3.3.0, Spring v6.1.8
2026-06-09 09:39:23.615 [main] DEBUG b.c.a.asyncsecurity.config.WebConfig.addInterceptors:38 - Interceptor configurado - Protegendo: /api/** | Liberando: /api/auth/**, /error
2026-06-09 09:39:23.939 [main] DEBUG b.c.a.r.ClienteRepositoryTest.logStarting:51 - Running with Spring Boot v3.3.0, Spring v6.1.8
2026-06-09 09:40:17.336 [main] DEBUG br.com.arq.config.WebConfigTest.logStarting:51 - Running with Spring Boot v3.3.0, Spring v6.1.8
2026-06-09 09:40:29.798 [main] DEBUG b.c.a.asyncsecurity.config.WebConfig.addInterceptors:38 - Interceptor configurado - Protegendo: /api/** | Liberando: /api/auth/**, /error
2026-06-09 09:40:31.693 [main] DEBUG b.c.a.controller.AdminControllerTest.logStarting:51 - Running with Spring Boot v3.3.0, Spring v6.1.8
2026-06-09 09:40:32.307 [main] DEBUG b.c.a.asyncsecurity.config.WebConfig.addInterceptors:38 - Interceptor configurado - Protegendo: /api/** | Liberando: /api/auth/**, /error
2026-06-09 09:40:33.123 [main] DEBUG b.c.a.e.GlobalExceptionHandlerTest.logStarting:51 - Running with Spring Boot v3.3.0, Spring v6.1.8
2026-06-09 09:40:33.401 [main] DEBUG b.c.a.asyncsecurity.config.WebConfig.addInterceptors:38 - Interceptor configurado - Protegendo: /api/** | Liberando: /api/auth/**, /error
2026-06-09 09:40:33.747 [main] DEBUG b.c.a.repository.ContaRepositoryTest.logStarting:51 - Running with Spring Boot v3.3.0, Spring v6.1.8
2026-06-09 09:42:01.827 [main] DEBUG br.com.arq.config.WebConfigTest.logStarting:51 - Running with Spring Boot v3.3.0, Spring v6.1.8
2026-06-09 09:42:14.557 [main] DEBUG b.c.a.asyncsecurity.config.WebConfig.addInterceptors:38 - Interceptor configurado - Protegendo: /api/** | Liberando: /api/auth/**, /error
2026-06-09 09:42:16.225 [main] DEBUG b.c.a.controller.AdminControllerTest.logStarting:51 - Running with Spring Boot v3.3.0, Spring v6.1.8
2026-06-09 09:42:16.692 [main] DEBUG b.c.a.asyncsecurity.config.WebConfig.addInterceptors:38 - Interceptor configurado - Protegendo: /api/** | Liberando: /api/auth/**, /error
2026-06-09 09:42:17.463 [main] DEBUG b.c.a.repository.ContaRepositoryTest.logStarting:51 - Running with Spring Boot v3.3.0, Spring v6.1.8
2026-06-09 09:43:23.449 [main] DEBUG br.com.arq.config.WebConfigTest.logStarting:51 - Running with Spring Boot v3.3.0, Spring v6.1.8
2026-06-09 09:43:35.748 [main] DEBUG b.c.a.asyncsecurity.config.WebConfig.addInterceptors:38 - Interceptor configurado - Protegendo: /api/** | Liberando: /api/auth/**, /error
2026-06-09 09:43:37.506 [main] DEBUG b.c.a.controller.AdminControllerTest.logStarting:51 - Running with Spring Boot v3.3.0, Spring v6.1.8
2026-06-09 09:43:37.983 [main] DEBUG b.c.a.asyncsecurity.config.WebConfig.addInterceptors:38 - Interceptor configurado - Protegendo: /api/** | Liberando: /api/auth/**, /error
2026-06-09 10:25:14.770 [restartedMain] DEBUG br.com.arq.BancoApplication.logStarting:51 - Running with Spring Boot v3.3.0, Spring v6.1.8
2026-06-09 10:25:19.134 [restartedMain] DEBUG b.c.a.asyncsecurity.config.WebConfig.addInterceptors:38 - Interceptor configurado - Protegendo: /api/** | Liberando: /api/auth/**, /error
2026-06-09 10:29:07.048 [restartedMain] DEBUG br.com.arq.BancoApplication.logStarting:51 - Running with Spring Boot v3.3.0, Spring v6.1.8
2026-06-09 10:29:11.411 [restartedMain] DEBUG b.c.a.asyncsecurity.config.WebConfig.addInterceptors:48 - Interceptor configurado - Protegendo: /api/** | Liberando: /api/auth/**, /error
2026-06-09 10:31:21.934 [restartedMain] DEBUG br.com.arq.BancoApplication.logStarting:51 - Running with Spring Boot v3.3.0, Spring v6.1.8
2026-06-09 10:32:38.269 [restartedMain] DEBUG br.com.arq.BancoApplication.logStarting:51 - Running with Spring Boot v3.3.0, Spring v6.1.8
2026-06-09 10:37:02.321 [tomcat-handler-15] DEBUG b.com.arq.asyncsecurity.AuthService.autenticar:25 - Iniciando autenticação para usuário: 12345
2026-06-09 10:41:15.328 [restartedMain] DEBUG br.com.arq.BancoApplication.logStarting:51 - Running with Spring Boot v3.3.0, Spring v6.1.8
2026-06-09 10:44:24.289 [tomcat-handler-7] DEBUG b.com.arq.asyncsecurity.AuthService.autenticar:25 - Iniciando autenticação para usuário: 12345
2026-06-09 10:44:24.789 [tomcat-handler-7] DEBUG b.c.a.a.security.TokenService.gerarToken:63 - Token gerado com sucesso para conta: 12345
2026-06-09 10:44:24.789 [tomcat-handler-7] DEBUG b.com.arq.asyncsecurity.AuthService.autenticar:61 - Token gerado e resposta preparada para: 12345
2026-06-09 10:47:01.224 [tomcat-handler-10] DEBUG b.com.arq.asyncsecurity.AuthService.autenticar:25 - Iniciando autenticação para usuário: 12345
2026-06-09 10:47:01.614 [tomcat-handler-10] DEBUG b.c.a.a.security.TokenService.gerarToken:63 - Token gerado com sucesso para conta: 12345
2026-06-09 10:47:01.615 [tomcat-handler-10] DEBUG b.com.arq.asyncsecurity.AuthService.autenticar:61 - Token gerado e resposta preparada para: 12345
2026-06-09 10:54:36.150 [tomcat-handler-12] DEBUG b.com.arq.asyncsecurity.AuthService.autenticar:25 - Iniciando autenticação para usuário: 12345
2026-06-09 10:54:36.641 [tomcat-handler-12] DEBUG b.c.a.a.security.TokenService.gerarToken:63 - Token gerado com sucesso para conta: 12345
2026-06-09 10:54:36.641 [tomcat-handler-12] DEBUG b.com.arq.asyncsecurity.AuthService.autenticar:61 - Token gerado e resposta preparada para: 12345
2026-06-09 11:15:11.034 [restartedMain] DEBUG br.com.arq.BancoApplication.logStarting:51 - Running with Spring Boot v3.3.0, Spring v6.1.8
2026-06-09 11:20:43.004 [restartedMain] DEBUG br.com.arq.BancoApplication.logStarting:51 - Running with Spring Boot v3.3.0, Spring v6.1.8
2026-06-09 11:28:07.225 [restartedMain] DEBUG br.com.arq.BancoApplication.logStarting:51 - Running with Spring Boot v3.3.0, Spring v6.1.8
2026-06-09 11:33:41.587 [restartedMain] DEBUG br.com.arq.BancoApplication.logStarting:51 - Running with Spring Boot v3.3.0, Spring v6.1.8
2026-06-09 11:51:02.658 [restartedMain] DEBUG br.com.arq.BancoApplication.logStarting:51 - Running with Spring Boot v3.3.0, Spring v6.1.8
2026-06-09 12:00:07.457 [restartedMain] DEBUG br.com.arq.BancoApplication.logStarting:51 - Running with Spring Boot v3.3.0, Spring v6.1.8
2026-06-09 12:02:21.282 [restartedMain] DEBUG br.com.arq.BancoApplication.logStarting:51 - Running with Spring Boot v3.3.0, Spring v6.1.8
2026-06-09 12:16:51.456 [restartedMain] DEBUG br.com.arq.BancoApplication.logStarting:51 - Running with Spring Boot v3.3.0, Spring v6.1.8
2026-06-09 12:42:15.975 [restartedMain] DEBUG br.com.arq.BancoApplication.logStarting:51 - Running with Spring Boot v3.3.0, Spring v6.1.8
